// Jest Snapshot v1, https://goo.gl/fbAQLP

exports[`Dashboard screen Dashboard screen 1`] = `
<View
  style={
    Object {
      "alignItems": "center",
      "flex": 1,
      "justifyContent": "center",
    }
  }
>
  <View
    accessible={true}
    collapsable={false}
    focusable={true}
    onClick={[Function]}
    onResponderGrant={[Function]}
    onResponderMove={[Function]}
    onResponderRelease={[Function]}
    onResponderTerminate={[Function]}
    onResponderTerminationRequest={[Function]}
    onStartShouldSetResponder={[Function]}
    style={
      Object {
        "opacity": 1,
      }
    }
  />
  <Text
    style={
      Object {
        "fontSize": 25,
      }
    }
  >
    Welcome To Dashboard!!!
  </Text>
</View>
`;
